Microchip MPLAB XC8 Compiler V2.50

Linker command line:

-W-3 --edf=/opt/microchip/xc8/v2.50/pic/dat/20240725155939_en.msgs -cn \
  -h+.ca/dist/defaultActiveCA/production/ADC.X.production.sym \
  --cmf=.ca/dist/defaultActiveCA/production/ADC.X.production.cmf -z -w9 \
  --disl=596:off --norlf -Q16F818 -o/tmp/xcXImKmKO/driver_tmp_3.o \
  --defsym=__MPLAB_BUILD=1 \
  -M.ca/dist/defaultActiveCA/production/ADC.X.production.map \
  --md=/tmp/xcXImKmKO/driver_tmp_0.dat -E1 -ver=XC8 Compiler --acfsm=1493 \
  -ACODE=00h-03FFh -ASTRCODE=00h-03FFh -ASTRING=00h-0FFhx4 \
  -ACONST=00h-0FFhx4 -AENTRY=00h-0FFhx4 -ACOMMON=040h-07Fh \
  -ABANK0=020h-03Fh -ABANK1=0A0h-0BFh -ARAM=020h-03Fh,0A0h-0BFh \
  -AABS1=020h-07Fh,0A0h-0BFh -ASFR0=00h-01Fh -ASFR1=080h-09Fh \
  -ASFR2=0100h-013Fh -ASFR3=0180h-01BFh -ACONFIG=02007h-02007h -DCONFIG=2 \
  -AIDLOC=02000h-02003h -DIDLOC=2 -AEEDATA=00h-07Fh/02100h \
  -peeprom_data=EEDATA -DEEDATA=2 -DCODE=2 -DSTRCODE=2 -DSTRING=2 -DCONST=2 \
  -DENTRY=2 -preset_vec=00h,intentry,sivt,init,end_init -ppowerup=CODE \
  -pcinit=CODE -pfunctab=ENTRY -k /tmp/xcXImKmKO/driver_tmp_12.o \
  .ca/dist/defaultActiveCA/production/ADC.X.production.o 

Object code version is 3.11

Machine type is 16F818



                Name                               Link     Load   Length Selector   Space Scale
/tmp/xcXImKmKO/driver_tmp_12.o
                end_init                              0        0        2        0       0
.ca/dist/defaultActiveCA/production/ADC.X.production.o
                cinit                               3FE      3FE        2      7FC       0
                text10                                0        0      1D0        0       0
                text9                                48       48       B4       90       0
                text8                               1D0      1D0       63        0       0
                text7                               233      233       57        0       0
                text6                                21       21       27       42       0
                text5                                FC       FC      302      1F8       0
                text4                               28A      28A       74        0       0
                text3                               2FE      2FE       B0        0       0
                text2                                 A        A        9       14       0
                text1                                13       13        E       26       0
                maintext                            3AE      3AE       5A        0       0
                cstackBANK0                          20       20       13       20       1
                cstackCOMMON                         40       40       3B       40       1

TOTAL           Name                               Link     Load   Length     Space
        CLASS   CODE           
                end_init                              0        0        2         0
                cinit                               3FE      3FE        2         0
                text10                                0        0      1D0         0
                text9                                48       48       B4         0
                text8                               1D0      1D0       63         0
                text7                               233      233       57         0
                text6                                21       21       27         0
                text5                                FC       FC      302         0
                text4                               28A      28A       74         0
                text3                               2FE      2FE       B0         0
                text2                                 A        A        9         0
                text1                                13       13        E         0
                maintext                            3AE      3AE       5A         0

        CLASS   STRCODE        

        CLASS   STRING         

        CLASS   CONST          

        CLASS   ENTRY          

        CLASS   COMMON         
                cstackCOMMON                         40       40       3B         1

        CLASS   BANK0          
                cstackBANK0                          20       20       13         1

        CLASS   BANK1          

        CLASS   RAM            

        CLASS   ABS1           
                abs_s1                               7E       7E        2         1

        CLASS   SFR0           

        CLASS   SFR1           

        CLASS   SFR2           

        CLASS   SFR3           

        CLASS   CONFIG         

        CLASS   IDLOC          

        CLASS   EEDATA         

        CLASS   BANK3          

        CLASS   BANK2          

        CLASS   HEAP           

        CLASS   STACK          



SEGMENTS        Name                           Load    Length   Top    Selector   Space  Class     Delta

                text1                          000013  00000E  000021        26       0  CODE        2
                text2                          00000A  000009  000013        14       0  CODE        2
                text6                          000021  000027  000048        42       0  CODE        2
                text5                          0000FC  000302  0003FE       1F8       0  CODE        2
                text9                          000048  0000B4  0000FC        90       0  CODE        2
                cstackCOMMON                   000040  00003B  00007B        40       1  COMMON      1
                cinit                          0003FE  000002  000400       7FC       0  CODE        2
                reset_vec                      000000  000002  000002         0       0  CODE        2
                cstackBANK0                    000020  000013  000033        20       1  BANK0       1


UNUSED ADDRESS RANGES

        Name                Unused          Largest block    Delta
        BANK0            033-03F             D           1
        BANK1            0A0-0BF            20           1
        COMMON           07B-07D             3           1
        CONFIG           2007-2007             1           2
        EEDATA           2100-217F            80           2
        IDLOC            2000-2003             4           2
        RAM              033-03F             D           1
                         0A0-0BF            20
        SFR0             000-01F            20           1
        SFR1             080-09F            20           1
        SFR2             100-13F            40           1
        SFR3             180-1BF            40           1

                                  Symbol Table

__H__absolute__                  __absolute__ 000
__Habs1                          abs1         000
__Hbank0                         bank0        000
__Hbank1                         bank1        000
__Hbank2                         bank2        000
__Hbank3                         bank3        000
__Hclrtext                       clrtext      000
__Hcode                          code         000
__Hcommon                        common       000
__Heeprom_data                   eeprom_data  000
__Hfunctab                       functab      000
__Hheap                          heap         000
__Hinit                          init         000
__Hintentry                      intentry     000
__Hmaintext                      maintext     000
__Hpowerup                       powerup      000
__Hram                           ram          000
__Hreset_vec                     reset_vec    000
__Hsfr0                          sfr0         000
__Hsfr1                          sfr1         000
__Hsfr2                          sfr2         000
__Hsfr3                          sfr3         000
__Hsivt                          sivt         000
__Hspace_2                       (abs)        000
__Hspace_3                       (abs)        000
__Hstack                         stack        000
__Hstrings                       strings      000
__Htext                          text         000
__L__absolute__                  __absolute__ 000
__Labs1                          abs1         000
__Lbank0                         bank0        000
__Lbank1                         bank1        000
__Lbank2                         bank2        000
__Lbank3                         bank3        000
__Lclrtext                       clrtext      000
__Lcode                          code         000
__Lcommon                        common       000
__Leeprom_data                   eeprom_data  000
__Lend_init                      end_init     000
__Lfunctab                       functab      000
__Lheap                          heap         000
__Linit                          init         000
__Lintentry                      intentry     000
__Lmaintext                      maintext     000
__Lpowerup                       powerup      000
__Lram                           ram          000
__Lreset_vec                     reset_vec    000
__Lsfr0                          sfr0         000
__Lsfr1                          sfr1         000
__Lsfr2                          sfr2         000
__Lsfr3                          sfr3         000
__Lsivt                          sivt         000
__Lspace_0                       (abs)        000
__Lspace_1                       (abs)        000
__Lspace_2                       (abs)        000
__Lspace_3                       (abs)        000
__Lstack                         stack        000
__Lstrings                       strings      000
__Ltext                          text         000
__S3                             (abs)        000
___fldiv                         text10       000
___heap_hi                       (abs)        000
___heap_lo                       (abs)        000
___int_sp                        stack        000
___int_stack_hi                  stack        000
___int_stack_lo                  stack        000
___latbits                       (abs)        000
___sp                            stack        000
___stack_hi                      stack        000
___stack_lo                      stack        000
___stackhi                       (abs)        000
___stacklo                       (abs)        000
__ptext10                        text10       000
intlevel0                        functab      000
intlevel1                        functab      000
intlevel2                        functab      000
intlevel3                        functab      000
intlevel4                        functab      000
intlevel5                        functab      000
reset_vec                        reset_vec    000
start                            init         000
__Hend_init                      end_init     002
_PORTAbits                       (abs)        005
_PORTB                           (abs)        006
__ptext2                         text2        00A
_adc_init                        text2        00A
_ADRESH                          (abs)        01E
_ADCON0                          (abs)        01F
_ADCON0bits                      (abs)        01F
___fldiv@rem                     cstackBANK0  020
__pcstackBANK0                   cstackBANK0  020
actualizarPantalla@d1            cstackBANK0  020
actualizarPantalla@d2            cstackBANK0  022
___fldiv@sign                    cstackBANK0  024
actualizarPantalla@d3            cstackBANK0  024
___fldiv@new_exp                 cstackBANK0  025
__end_of_adc_init                text2        013
__ptext1                         text1        013
_adc_read                        text1        013
actualizarPantalla@d4            cstackBANK0  026
___fldiv@grs                     cstackBANK0  027
actualizarPantalla@display_value cstackBANK0  028
___fldiv@bexp                    cstackBANK0  02B
___fldiv@aexp                    cstackBANK0  02C
main@voltage                     cstackBANK0  02D
main@adc_value                   cstackBANK0  031
?__Umul8_16                      cstackCOMMON 040
?___awdiv                        cstackCOMMON 040
?___xxtofl                       cstackCOMMON 040
?_adc_read                       cstackCOMMON 040
__Umul8_16@multiplicand          cstackCOMMON 040
___awdiv@divisor                 cstackCOMMON 040
___xxtofl@val                    cstackCOMMON 040
__pcstackCOMMON                  cstackCOMMON 040
__Umul8_16                       text6        021
___awdiv@dividend                cstackCOMMON 042
__end_of_adc_read                text1        021
__ptext6                         text6        021
__Umul8_16@product               cstackCOMMON 044
___awdiv@counter                 cstackCOMMON 044
___awdiv@sign                    cstackCOMMON 045
__Umul8_16@word_mpld             cstackCOMMON 046
___awdiv@quotient                cstackCOMMON 046
?___awmod                        cstackCOMMON 048
__Umul8_16@multiplier            cstackCOMMON 048
___awmod@divisor                 cstackCOMMON 048
___xxtofl@sign                   cstackCOMMON 048
___xxtofl@exp                    cstackCOMMON 049
___awmod@dividend                cstackCOMMON 04A
___xxtofl@arg                    cstackCOMMON 04A
___awmod@counter                 cstackCOMMON 04C
___awmod@sign                    cstackCOMMON 04D
?___flmul                        cstackCOMMON 04E
___flmul@b                       cstackCOMMON 04E
___flmul@a                       cstackCOMMON 052
___flmul@sign                    cstackCOMMON 05B
___flmul@grs                     cstackCOMMON 05C
___flmul@aexp                    cstackCOMMON 060
___flmul@bexp                    cstackCOMMON 061
___flmul@prod                    cstackCOMMON 062
___flmul@temp                    cstackCOMMON 066
?___fldiv                        cstackCOMMON 068
?___fltol                        cstackCOMMON 068
___fldiv@a                       cstackCOMMON 068
___fltol@f1                      cstackCOMMON 068
___fldiv@b                       cstackCOMMON 06C
___fltol@sign1                   cstackCOMMON 070
___fltol@exp1                    cstackCOMMON 071
actualizarPantalla@voltage       cstackCOMMON 072
__Hspace_1                       (abs)        07B
__S1                             (abs)        07B
btemp                            (abs)        07E
_TRISA                           (abs)        085
_TRISB                           (abs)        086
___xxtofl                        text9        048
__end_of__Umul8_16               text6        048
__ptext9                         text9        048
_ADRESL                          (abs)        09E
_ADCON1                          (abs)        09F
___flmul                         text5        0FC
__end_of___xxtofl                text9        0FC
__ptext5                         text5        0FC
___awdiv                         text8        1D0
__end_of___fldiv                 text10       1D0
__ptext8                         text8        1D0
__S0                             (abs)        400
___awmod                         text7        233
__end_of___awdiv                 text8        233
__ptext7                         text7        233
___fltol                         text4        28A
__end_of___awmod                 text7        28A
__ptext4                         text4        28A
__end_of___fltol                 text4        2FE
__ptext3                         text3        2FE
_actualizarPantalla              text3        2FE
__end_of_actualizarPantalla      text3        3AE
__pmaintext                      maintext     3AE
_main                            maintext     3AE
__Lcinit                         cinit        3FE
__end_of___flmul                 text5        3FE
__end_of__initialization         cinit        3FE
__initialization                 cinit        3FE
end_of_initialization            cinit        3FE
__Hcinit                         cinit        400
__HcstackBANK0                   cstackBANK0  810
__HcstackCOMMON                  cstackCOMMON 810
__Hspace_0                       (abs)        810
__LcstackBANK0                   cstackBANK0  810
__LcstackCOMMON                  cstackCOMMON 810
__end_of_main                    maintext     408
start_initialization             cinit        3FE
wtemp0                           (abs)        07E
