Microchip MPLAB XC8 Compiler V2.50

Linker command line:

-W-3 \
  --edf=C:\Program Files\Microchip\xc8\v2.50\pic\dat\20240725155939_en.msgs \
  -cn -h+.ca/dist/Config_2/production\ADC.X.production.sym \
  --cmf=.ca/dist/Config_2/production\ADC.X.production.cmf -z -Q16F818 \
  -oC:\Users\Axela\AppData\Local\Temp\xcAs198.\driver_tmp_3.o \
  --defsym=__MPLAB_BUILD=1 --fixupoverflow=error \
  -M.ca/dist/Config_2/production/ADC.X.production.map \
  --md=C:\Users\Axela\AppData\Local\Temp\xcAs198.\driver_tmp_0.dat -E1 \
  -ver=XC8 Compiler --acfsm=1493 -ACODE=00h-03FFh -ASTRCODE=00h-03FFh \
  -ASTRING=00h-0FFhx4 -ACONST=00h-0FFhx4 -AENTRY=00h-0FFhx4 \
  -ACOMMON=040h-07Fh -ABANK0=020h-03Fh -ABANK1=0A0h-0BFh \
  -ARAM=020h-03Fh,0A0h-0BFh -AABS1=020h-07Fh,0A0h-0BFh -ASFR0=00h-01Fh \
  -ASFR1=080h-09Fh -ASFR2=0100h-013Fh -ASFR3=0180h-01BFh \
  -ACONFIG=02007h-02007h -DCONFIG=2 -AIDLOC=02000h-02003h -DIDLOC=2 \
  -AEEDATA=00h-07Fh/02100h -peeprom_data=EEDATA -DEEDATA=2 -DCODE=2 \
  -DSTRCODE=2 -DSTRING=2 -DCONST=2 -DENTRY=2 \
  -preset_vec=00h,intentry,sivt,init,end_init -ppowerup=CODE -pcinit=CODE \
  -pfunctab=ENTRY -k \
  C:\Users\Axela\AppData\Local\Temp\xcAs198.\driver_tmp_12.o \
  .ca/dist/Config_2/production\ADC.X.production.o 

Object code version is 3.11

Machine type is 16F818



                Name                               Link     Load   Length Selector   Space Scale
C:\Users\Axela\AppData\Local\Temp\xcAs198.\driver_tmp_12.o
                end_init                              0        0        1        0       0
                config                             2007     2007        1        0       4
.ca/dist/Config_2/production\ADC.X.production.o
                cinit                               3FE      3FE        2      7FC       0
                config                             2007     2007        1        0       4
                text4                               245      245       21      48A       0
                text3                               296      296       3A      52C       0
                text2                               266      266       30      4CC       0
                text1                               313      313       EB      626       0
                maintext                            2D0      2D0       43      5A0       0
                cstackCOMMON                         40       40       26       40       1

TOTAL           Name                               Link     Load   Length     Space
        CLASS   CODE           
                end_init                              0        0        1         0
                cinit                               3FE      3FE        2         0
                text4                               245      245       21         0
                text3                               296      296       3A         0
                text2                               266      266       30         0
                text1                               313      313       EB         0
                maintext                            2D0      2D0       43         0

        CLASS   STRCODE        

        CLASS   STRING         

        CLASS   CONST          

        CLASS   ENTRY          

        CLASS   COMMON         
                cstackCOMMON                         40       40       26         1

        CLASS   BANK0          

        CLASS   BANK1          

        CLASS   RAM            

        CLASS   ABS1           
                abs_s1                               7E       7E        2         1

        CLASS   SFR0           

        CLASS   SFR1           

        CLASS   SFR2           

        CLASS   SFR3           

        CLASS   CONFIG         
                config                             2007     2007        1         4

        CLASS   IDLOC          

        CLASS   EEDATA         

        CLASS   BANK3          

        CLASS   BANK2          

        CLASS   HEAP           

        CLASS   STACK          



SEGMENTS        Name                           Load    Length   Top    Selector   Space  Class     Delta

                reset_vec                      000000  000001  000001         0       0  CODE        2
                cstackCOMMON                   000040  000026  000066        40       1  COMMON      1
                text4                          000245  000021  000266       48A       0  CODE        2
                text2                          000266  000030  000296       4CC       0  CODE        2
                text3                          000296  00003A  0002D0       52C       0  CODE        2
                maintext                       0002D0  000043  000313       5A0       0  CODE        2
                text1                          000313  0000EB  0003FE       626       0  CODE        2
                cinit                          0003FE  000002  000400       7FC       0  CODE        2


UNUSED ADDRESS RANGES

        Name                Unused          Largest block    Delta
        BANK0            0020-003F             20           1
        BANK1            00A0-00BF             20           1
        CODE             0001-0244            244           2
        COMMON           0066-007D             18           1
        CONST            0001-0244            100           2
        EEDATA           2100-217F             80           2
        ENTRY            0001-0244            100           2
        IDLOC            2000-2003              4           2
        RAM              0020-003F             20           1
                         00A0-00BF             20
        SFR0             0000-001F             20           1
        SFR1             0080-009F             20           1
        SFR2             0100-013F             40           1
        SFR3             0180-01BF             40           1
        STRCODE          0001-0244            244           2
        STRING           0001-0244            100           2

                                  Symbol Table

?___lwdiv                        cstackCOMMON 0046
?___lwmod                        cstackCOMMON 004D
?___wmul                         cstackCOMMON 0040
_ADCON0                          (abs)        001F
_ADCON1                          (abs)        009F
_ADRESH                          (abs)        001E
_ADRESL                          (abs)        009E
_PORTAbits                       (abs)        0005
_PORTBbits                       (abs)        0006
_TRISAbits                       (abs)        0085
_TRISB                           (abs)        0086
__H__absolute__                  __absolute__ 0000
__Habs1                          abs1         0000
__Hbank0                         bank0        0000
__Hbank1                         bank1        0000
__Hbank2                         bank2        0000
__Hbank3                         bank3        0000
__Hcinit                         cinit        0400
__Hclrtext                       clrtext      0000
__Hcode                          code         0000
__Hcommon                        common       0000
__Hconfig                        config       2008
__HcstackCOMMON                  cstackCOMMON 0000
__Heeprom_data                   eeprom_data  0000
__Hend_init                      end_init     0001
__Hfunctab                       functab      0000
__Hheap                          heap         0000
__Hinit                          init         0000
__Hintentry                      intentry     0000
__Hmaintext                      maintext     0000
__Hpowerup                       powerup      0000
__Hram                           ram          0000
__Hreset_vec                     reset_vec    0000
__Hsfr0                          sfr0         0000
__Hsfr1                          sfr1         0000
__Hsfr2                          sfr2         0000
__Hsfr3                          sfr3         0000
__Hsivt                          sivt         0000
__Hspace_0                       (abs)        0400
__Hspace_1                       (abs)        0066
__Hspace_2                       (abs)        0000
__Hspace_3                       (abs)        0000
__Hspace_4                       (abs)        400F
__Hstack                         stack        0000
__Hstrings                       strings      0000
__Htext                          text         0000
__L__absolute__                  __absolute__ 0000
__Labs1                          abs1         0000
__Lbank0                         bank0        0000
__Lbank1                         bank1        0000
__Lbank2                         bank2        0000
__Lbank3                         bank3        0000
__Lcinit                         cinit        03FE
__Lclrtext                       clrtext      0000
__Lcode                          code         0000
__Lcommon                        common       0000
__Lconfig                        config       0000
__LcstackCOMMON                  cstackCOMMON 0000
__Leeprom_data                   eeprom_data  0000
__Lend_init                      end_init     0000
__Lfunctab                       functab      0000
__Lheap                          heap         0000
__Linit                          init         0000
__Lintentry                      intentry     0000
__Lmaintext                      maintext     0000
__Lpowerup                       powerup      0000
__Lram                           ram          0000
__Lreset_vec                     reset_vec    0000
__Lsfr0                          sfr0         0000
__Lsfr1                          sfr1         0000
__Lsfr2                          sfr2         0000
__Lsfr3                          sfr3         0000
__Lsivt                          sivt         0000
__Lspace_0                       (abs)        0000
__Lspace_1                       (abs)        0000
__Lspace_2                       (abs)        0000
__Lspace_3                       (abs)        0000
__Lspace_4                       (abs)        0000
__Lstack                         stack        0000
__Lstrings                       strings      0000
__Ltext                          text         0000
__S0                             (abs)        0400
__S1                             (abs)        0066
__S3                             (abs)        0000
___heap_hi                       (abs)        0000
___heap_lo                       (abs)        0000
___int_sp                        stack        0000
___int_stack_hi                  stack        0000
___int_stack_lo                  stack        0000
___latbits                       (abs)        0000
___lwdiv                         text3        0296
___lwdiv@counter                 cstackCOMMON 004C
___lwdiv@dividend                cstackCOMMON 0048
___lwdiv@divisor                 cstackCOMMON 0046
___lwdiv@quotient                cstackCOMMON 004A
___lwmod                         text2        0266
___lwmod@counter                 cstackCOMMON 0051
___lwmod@dividend                cstackCOMMON 004F
___lwmod@divisor                 cstackCOMMON 004D
___sp                            stack        0000
___stack_hi                      stack        0000
___stack_lo                      stack        0000
___stackhi                       (abs)        0000
___stacklo                       (abs)        0000
___wmul                          text4        0245
___wmul@multiplicand             cstackCOMMON 0042
___wmul@multiplier               cstackCOMMON 0040
___wmul@product                  cstackCOMMON 0044
__end_of___lwdiv                 text3        02D0
__end_of___lwmod                 text2        0296
__end_of___wmul                  text4        0266
__end_of__initialization         cinit        03FE
__end_of_actualizarPantalla      text1        03FE
__end_of_main                    maintext     0313
__initialization                 cinit        03FE
__pcstackCOMMON                  cstackCOMMON 0040
__pmaintext                      maintext     02D0
__ptext1                         text1        0313
__ptext2                         text2        0266
__ptext3                         text3        0296
__ptext4                         text4        0245
_actualizarPantalla              text1        0313
_main                            maintext     02D0
actualizarPantalla@digits        cstackCOMMON 0057
actualizarPantalla@display_value cstackCOMMON 0052
actualizarPantalla@i             cstackCOMMON 005F
btemp                            (abs)        007E
end_of_initialization            cinit        03FE
intlevel0                        functab      0000
intlevel1                        functab      0000
intlevel2                        functab      0000
intlevel3                        functab      0000
intlevel4                        functab      0000
intlevel5                        functab      0000
main@adc_value                   cstackCOMMON 0062
main@voltage_mv                  cstackCOMMON 0064
reset_vec                        reset_vec    0000
start                            init         0000
start_initialization             cinit        03FE
wtemp0                           (abs)        007E


MODULE INFORMATION

Module		Function		Class		Link	Load	Size
C:\Program Files\Microchip\xc8\v2.50\pic\sources\c99\common\Umul16.c
		___wmul        		CODE           	0245	0000	33

C:\Program Files\Microchip\xc8\v2.50\pic\sources\c99\common\Umul16.c estimated size: 33

C:\Program Files\Microchip\xc8\v2.50\pic\sources\c99\common\lwmod.c
		___lwmod       		CODE           	0266	0000	48

C:\Program Files\Microchip\xc8\v2.50\pic\sources\c99\common\lwmod.c estimated size: 48

../main_adc.c
		_main          		CODE           	02D0	0000	67
		_actualizarPantalla		CODE           	0313	0000	235

../main_adc.c estimated size: 302

shared
		__initialization		CODE           	03FE	0000	1

shared estimated size: 1

C:\Program Files\Microchip\xc8\v2.50\pic\sources\c99\common\lwdiv.c
		___lwdiv       		CODE           	0296	0000	58

C:\Program Files\Microchip\xc8\v2.50\pic\sources\c99\common\lwdiv.c estimated size: 58

